[www.gokamilk.in/index.html]
[backblue.gif]
[fade.gif]
[index.html]
[www.gokamilk.in/images/Logo1.png]
[www.gokamilk.in/css/bootstrap.css]
[www.gokamilk.in/assets/font-awesome/css/font-awesome.css]
[www.gokamilk.in/css/style.css]
[www.gokamilk.in/css/flexslider.css]
[www.gokamilk.in/js/move-top.js]
[www.gokamilk.in/js/easing.js]
[www.gokamilk.in/about.html]
[www.gokamilk.in/products.html]
[www.gokamilk.in/gallery.html]
[www.gokamilk.in/js/jquery-2.1.4.min.js]
[www.gokamilk.in/mail.html]
[www.gokamilk.in/js/jquery.flexslider.js]
[www.gokamilk.in/images/milk1.png]
[www.gokamilk.in/images/panner.png]
[www.gokamilk.in/images/ghee2.png]
[www.gokamilk.in/images/3.jpg]
[www.gokamilk.in/images/5.jpg]
[www.gokamilk.in/images/1.jpg]
[www.gokamilk.in/images/2.jpg]
[www.gokamilk.in/images/4.jpg]
[www.gokamilk.in/images/6.jpg]
[www.gokamilk.in/js/jzBox.js]
[www.gokamilk.in/images/bottle.png]
[www.gokamilk.in/images/8.19.delayed]
[www.gokamilk.in/images/prise.png]
[www.gokamilk.in/product.1b.delayed]
[www.gokamilk.in/images/goka-milk-bottle-footer.jpg]
[www.gokamilk.in/images/goka-milk-bottle-footer1.jpg]
[www.gokamilk.in/images/goka-milk-bottle-footer2.jpg]
[www.gokamilk.in/js/bootstrap.js]
[www.gokamilk.in/index.html]
[www.gokamilk.in/fonts/glyphicons-halflings-regular.eot]
[www.gokamilk.in/fonts/glyphicons-halflings-regulard41d.eot]
[www.gokamilk.in/fonts/glyphicons-halflings-regular.woff2]
[www.gokamilk.in/fonts/glyphicons-halflings-regular.woff]
[www.gokamilk.in/fonts/glyphicons-halflings-regular.ttf]
[www.gokamilk.in/fonts/glyphicons-halflings-regular.svg]
[www.gokamilk.in/css/bootstrap.css]
[www.gokamilk.in/assets/font-awesome/fonts/fontawesome-webfont862f.eot]
[www.gokamilk.in/assets/font-awesome/fonts/fontawesome-webfontd41d.eot]
[www.gokamilk.in/assets/font-awesome/fonts/fontawesome-webfont862f.svg]
[www.gokamilk.in/assets/font-awesome/css/font-awesome.css]
[www.gokamilk.in/images/banner12.jpg]
[www.gokamilk.in/assets/font-awesome/fonts/fontawesome-webfont862f.woff]
[www.gokamilk.in/images/goka-logo1.jpg]
[www.gokamilk.in/images/img-sp.png]
[www.gokamilk.in/assets/font-awesome/fonts/fontawesome-webfont862f.ttf]
[www.gokamilk.in/images/close.png]
[www.gokamilk.in/images/left.png]
[www.gokamilk.in/images/right.png]
[www.gokamilk.in/images/arrow.png]
[www.gokamilk.in/css/style.css]
[www.gokamilk.in/css/flexslider.css]
[www.gokamilk.in/assets/bootstrap/css/bootstrap.min.css]
[www.gokamilk.in/assets/font-awesome/css/font-awesome.min.css]
[www.gokamilk.in/images/goka-milk-farm3.jpg]
[www.gokamilk.in/images/goka-milk-farm2.jpg]
[www.gokamilk.in/images/goka-milk-farm.jpg]
[www.gokamilk.in/js/jquery.wmuSlider.js]
[www.gokamilk.in/images/testi3.jpg]
[www.gokamilk.in/images/testi.jpg]
[www.gokamilk.in/images/testi2.jpg]
[www.gokamilk.in/images/testi4.jpg]
[www.gokamilk.in/assets/bootstrap/js/bootstrap.min.3d.delayed]
[www.gokamilk.in/about.html]
[www.gokamilk.in/css/gallery.css]
[www.gokamilk.in/css/zerogrid.css]
[www.gokamilk.in/css/style4.css]
[www.gokamilk.in/images/milk-goka.jpg]
[www.gokamilk.in/assets/js/jquery-1.11.1.min.js]
[www.gokamilk.in/images/goka-poly-milk.jpg]
[www.gokamilk.in/images/ghee-goka.jpg]
[www.gokamilk.in/images/goka-paneer.jpg]
[www.gokamilk.in/images/lassi-goka.jpg]
[www.gokamilk.in/js/mixitup.js]
[www.gokamilk.in/js/bootstrap.min.js]
[www.gokamilk.in/products.html]
[www.gokamilk.in/images/img1/potfolio/1.jpg]
[www.gokamilk.in/images/img1/potfolio/29.jpg]
[www.gokamilk.in/images/img1/potfolio/25.jpg]
[www.gokamilk.in/images/img1/potfolio/4.jpg]
[www.gokamilk.in/images/img1/potfolio/26.jpg]
[www.gokamilk.in/images/img1/potfolio/23.jpg]
[www.gokamilk.in/images/img1/potfolio/11.jpg]
[www.gokamilk.in/images/img1/potfolio/27.jpg]
[www.gokamilk.in/images/img1/potfolio/14.jpg]
[www.gokamilk.in/images/img1/potfolio/22.jpg]
[www.gokamilk.in/images/img1/potfolio/17.jpg]
[www.gokamilk.in/images/img1/potfolio/18.jpg]
[www.gokamilk.in/images/img1/potfolio/2.jpg]
[www.gokamilk.in/images/img1/potfolio/19.jpg]
[www.gokamilk.in/images/img1/potfolio/20.jpg]
[www.gokamilk.in/images/img1/potfolio/21.jpg]
[www.gokamilk.in/images/img1/potfolio/16.jpg]
[www.gokamilk.in/images/img1/potfolio/prize.jpg]
[www.gokamilk.in/gallery.html]
[www.gokamilk.in/mail.html]
[www.gokamilk.in/images/8.html]
[www.gokamilk.in/product.html]
[www.gokamilk.in/fonts/glyphicons-halflings-regular.html]
[www.gokamilk.in/fonts/glyphicons-halflings-regulard41d.html]
[www.gokamilk.in/fonts/glyphicons-halflings-regular-2.html]
[www.gokamilk.in/fonts/glyphicons-halflings-regular-3.html]
[www.gokamilk.in/fonts/glyphicons-halflings-regular-4.html]
[www.gokamilk.in/fonts/glyphicons-halflings-regular-5.html]
[www.gokamilk.in/assets/font-awesome/fonts/fontawesome-webfont862f.svg]
[www.gokamilk.in/assets/bootstrap/css/bootstrap.min.html]
[www.gokamilk.in/assets/font-awesome/fonts/fontawesome-webfontba72.svg]
[www.gokamilk.in/assets/font-awesome/css/font-awesome.min.css]
[www.gokamilk.in/assets/bootstrap/js/bootstrap.min.html]
[www.gokamilk.in/css/gallery.css]
[www.gokamilk.in/css/zerogrid.css]
[www.gokamilk.in/css/style4.css]
[www.gokamilk.in/js/bootstrap.min.html]
[www.gokamilk.in/assets/font-awesome/fonts/fontawesome-webfontba72.eot]
[www.gokamilk.in/assets/font-awesome/fonts/fontawesome-webfontba72.woff]
[www.gokamilk.in/assets/font-awesome/fonts/fontawesome-webfontba72.ttf]
[www.gokamilk.in/assets/font-awesome/fonts/fontawesome-webfontba72.svg]
